Component: ARM Compiler 5.06 update 3 (build 300) Tool: armlink [4d35c9]

==============================================================================

Section Cross References

    example.o(.text) refers to example.o(UserData) for x


==============================================================================

Image Symbol Table

    Local Symbols

    Symbol Name                              Value     Ov Type        Size  Object(Section)

    .text                                    0x00000000   Section       60  example.o(.text)
    Example.s                                0x00000000   Number         0  example.o ABSOLUTE
    UserData                                 0x00000040   Section       20  example.o(UserData)
    q                                        0x00000040   Data           4  example.o(UserData)
    r                                        0x00000044   Data           4  example.o(UserData)
    x                                        0x00000048   Data           4  example.o(UserData)
    y                                        0x0000004c   Data           4  example.o(UserData)
    z                                        0x00000050   Data           4  example.o(UserData)

    Global Symbols

    Symbol Name                              Value     Ov Type        Size  Object(Section)

    BuildAttributes$$THM_ISAv2$ARM_ISAv5$E$P$S$PE$A:L22$X:L11$S22$IEEE1$IW$USESV6$~STKCKD$USESV7$~SHL$OSPACE$EBA8$STANDARDLIB$PRES8$EABIv2 0x00000000   Number         0  anon$$obj.o ABSOLUTE



==============================================================================

Memory Map of the image

  Image Entry point : 0x00000000

  Load Region LOAD (Base: 0x00000000, Size: 0x00000054, Max: 0xffffffff, ABSOLUTE)

    Execution Region EXEC_ROM (Base: 0x00000000, Size: 0x0000003c, Max: 0xffffffff, ABSOLUTE)

    Base Addr    Size         Type   Attr      Idx    E Section Name        Object

    0x00000000   0x0000003c   Code   RO            3  * .text               example.o


    Execution Region RAM (Base: 0x0000003c, Size: 0x00000018, Max: 0xffffffff, ABSOLUTE)

    Base Addr    Size         Type   Attr      Idx    E Section Name        Object

    0x0000003c   0x00000004   PAD
    0x00000040   0x00000014   Data   RW            4    UserData            example.o


    Execution Region HEAP (Base: 0x00000154, Size: 0x00000100, Max: 0x00000100, ABSOLUTE)

    Base Addr    Size         Type   Attr      Idx    E Section Name        Object

    0x00000154   0x00000100   Zero   RW            1    HEAP.bss            anon$$obj.o


    Execution Region STACK (Base: 0x00000254, Size: 0x00000400, Max: 0x00000400, ABSOLUTE)

    Base Addr    Size         Type   Attr      Idx    E Section Name        Object

    0x00000254   0x00000400   Zero   RW            2    STACK.bss           anon$$obj.o


==============================================================================

Image component sizes


      Code (inc. data)   RO Data    RW Data    ZI Data      Debug   Object Name

        60          4          0         20          0        260   example.o

    ----------------------------------------------------------------------
        60          4          0         24       1280        260   Object Totals
         0          0          0          0       1280          0   (incl. Generated)
         0          0          0          4          0          0   (incl. Padding)

    ----------------------------------------------------------------------
         0          0          0          0          0          0   Library Totals
         0          0          0          0          0          0   (incl. Padding)

    ----------------------------------------------------------------------

==============================================================================


      Code (inc. data)   RO Data    RW Data    ZI Data      Debug   

        60          4          0         24       1280        260   Grand Totals
        60          4          0         24       1280        260   ELF Image Totals
        60          4          0         24          0          0   ROM Totals

==============================================================================

    Total RO  Size (Code + RO Data)                   60 (   0.06kB)
    Total RW  Size (RW Data + ZI Data)              1304 (   1.27kB)
    Total ROM Size (Code + RO Data + RW Data)         84 (   0.08kB)

==============================================================================

