Component: ARM Compiler 5.06 update 3 (build 300) Tool: armlink [4d35c9]

==============================================================================

Section Cross References

    sieve.o(.text) refers to sieve.o(UserData) for results


==============================================================================

Image Symbol Table

    Local Symbols

    Symbol Name                              Value     Ov Type        Size  Object(Section)

    .text                                    0x00000000   Section      144  sieve.o(.text)
    sieve.s                                  0x00000000   Number         0  sieve.o ABSOLUTE
    UserData                                 0x00000090   Section      480  sieve.o(UserData)
    results                                  0x00000090   Data         480  sieve.o(UserData)

    Global Symbols

    Symbol Name                              Value     Ov Type        Size  Object(Section)

    BuildAttributes$$THM_ISAv2$ARM_ISAv5$E$P$S$PE$A:L22$X:L11$S22$IEEE1$IW$USESV6$~STKCKD$USESV7$~SHL$OSPACE$EBA8$STANDARDLIB$PRES8$EABIv2 0x00000000   Number         0  anon$$obj.o ABSOLUTE



==============================================================================

Memory Map of the image

  Image Entry point : 0x00000000

  Load Region LOAD (Base: 0x00000000, Size: 0x00000270, Max: 0xffffffff, ABSOLUTE)

    Execution Region EXEC_ROM (Base: 0x00000000, Size: 0x00000090, Max: 0xffffffff, ABSOLUTE)

    Base Addr    Size         Type   Attr      Idx    E Section Name        Object

    0x00000000   0x00000090   Code   RO            3  * .text               sieve.o


    Execution Region RAM (Base: 0x00000090, Size: 0x000001e0, Max: 0xffffffff, ABSOLUTE)

    Base Addr    Size         Type   Attr      Idx    E Section Name        Object

    0x00000090   0x000001e0   Data   RW            4    UserData            sieve.o


    Execution Region HEAP (Base: 0x00000370, Size: 0x00000100, Max: 0x00000100, ABSOLUTE)

    Base Addr    Size         Type   Attr      Idx    E Section Name        Object

    0x00000370   0x00000100   Zero   RW            1    HEAP.bss            anon$$obj.o


    Execution Region STACK (Base: 0x00000470, Size: 0x00000400, Max: 0x00000400, ABSOLUTE)

    Base Addr    Size         Type   Attr      Idx    E Section Name        Object

    0x00000470   0x00000400   Zero   RW            2    STACK.bss           anon$$obj.o


==============================================================================

Image component sizes


      Code (inc. data)   RO Data    RW Data    ZI Data      Debug   Object Name

       144          4          0        480          0        264   sieve.o

    ----------------------------------------------------------------------
       144          4          0        480       1280        264   Object Totals
         0          0          0          0       1280          0   (incl. Generated)
         0          0          0          0          0          0   (incl. Padding)

    ----------------------------------------------------------------------
         0          0          0          0          0          0   Library Totals
         0          0          0          0          0          0   (incl. Padding)

    ----------------------------------------------------------------------

==============================================================================


      Code (inc. data)   RO Data    RW Data    ZI Data      Debug   

       144          4          0        480       1280        264   Grand Totals
       144          4          0        480       1280        264   ELF Image Totals
       144          4          0        480          0          0   ROM Totals

==============================================================================

    Total RO  Size (Code + RO Data)                  144 (   0.14kB)
    Total RW  Size (RW Data + ZI Data)              1760 (   1.72kB)
    Total ROM Size (Code + RO Data + RW Data)        624 (   0.61kB)

==============================================================================

